// Jest Snapshot v1, https://goo.gl/fbAQLP

exports[`<Card /> renders the Card component correctly 1`] = `ShallowWrapper {}`;
