// Jest Snapshot v1, https://goo.gl/fbAQLP

exports[`<Error /> renders the Error component correctly 1`] = `ShallowWrapper {}`;
