// Jest Snapshot v1, https://goo.gl/fbAQLP

exports[`<Footer /> renders the Footer component correctly 1`] = `ShallowWrapper {}`;
