// Jest Snapshot v1, https://goo.gl/fbAQLP

exports[`<ImageCard /> renders the Card component correctly 1`] = `ShallowWrapper {}`;
