// Jest Snapshot v1, https://goo.gl/fbAQLP

exports[`<Thanks /> renders the Thanks component correctly 1`] = `ShallowWrapper {}`;
